[  +4.168693] tsx73a-ec @ ec_driver_probe: Probe
[  +0.000003] tsx73a-ec @ tsx73a_init: Get fan status for fan 0 is 0
[  +0.000004] tsx73a-ec @ tsx73a_init: Get fan status for fan 1 is 1
[  +0.000002] tsx73a-ec @ tsx73a_init: Get fan status for fan 2 is 1
[  +0.000004] tsx73a-ec @ tsx73a_init: Get fan status for fan 3 is 1
[  +0.000003] tsx73a-ec @ tsx73a_init: Get fan status for fan 4 is 1
[  +0.000003] tsx73a-ec @ tsx73a_init: Get fan status for fan 5 is 1
[  +0.000003] tsx73a-ec @ tsx73a_init: Get fan status for fan 6 is 0
[  +0.000003] tsx73a-ec @ tsx73a_init: Get fan status for fan 7 is 1
[  +0.000002] tsx73a-ec @ tsx73a_init: Get fan status for fan 8 is -22
[  +0.000002] tsx73a-ec @ tsx73a_init: Get fan status for fan 9 is -22
[  +0.000002] tsx73a-ec @ tsx73a_init: Get fan status for fan 10 is -22
[  +0.000001] tsx73a-ec @ tsx73a_init: Get fan status for fan 11 is -22
[  +0.000001] tsx73a-ec @ tsx73a_init: Get fan status for fan 12 is -22
[  +0.000002] tsx73a-ec @ tsx73a_init: Get fan status for fan 13 is -22
[  +0.000001] tsx73a-ec @ tsx73a_init: Get fan status for fan 14 is -22
[  +0.000001] tsx73a-ec @ tsx73a_init: Get fan status for fan 15 is -22
[  +0.000002] tsx73a-ec @ tsx73a_init: Get fan status for fan 16 is -22
[  +0.000001] tsx73a-ec @ tsx73a_init: Get fan status for fan 17 is -22
[  +0.000001] tsx73a-ec @ tsx73a_init: Get fan status for fan 18 is -22
[  +0.000002] tsx73a-ec @ tsx73a_init: Get fan status for fan 19 is -22
[  +0.000003] tsx73a-ec @ tsx73a_init: Get fan status for fan 20 is 0
[  +0.000001] tsx73a-ec @ tsx73a_init: Get fan status for fan 21 is 0
[  +0.000003] tsx73a-ec @ tsx73a_init: Get fan status for fan 22 is 0
[  +0.000003] tsx73a-ec @ tsx73a_init: Get fan status for fan 23 is 0
[  +0.000003] tsx73a-ec @ tsx73a_init: Get fan status for fan 24 is 0
[  +0.000001] tsx73a-ec @ tsx73a_init: Get fan status for fan 25 is 0
[  +0.000002] tsx73a-ec @ tsx73a_init: Get fan status for fan 26 is -22
[  +0.000002] tsx73a-ec @ tsx73a_init: Get fan status for fan 27 is -22
[  +0.000001] tsx73a-ec @ tsx73a_init: Get fan status for fan 28 is -22
[  +0.000002] tsx73a-ec @ tsx73a_init: Get fan status for fan 29 is -22
[  +0.000002] tsx73a-ec @ tsx73a_init: Get fan status for fan 30 is 0
